2025-03-10 05:20:09,351 - INFO - Script started
2025-03-10 05:20:09,351 - INFO - Starting to build agency tree
2025-03-10 05:20:09,351 - INFO - Making request to endpoint: https://api.usaspending.gov/api/v2/search/spending_by_category/awarding_agency/
2025-03-10 05:20:09,351 - INFO - Request body: {
  "filter": {},
  "fiscal_year": 2023
}
2025-03-10 05:20:21,008 - INFO - Response status code: 200
2025-03-10 05:20:21,008 - INFO - Received 10 results for category 'awarding_agency'
2025-03-10 05:20:21,008 - INFO - Processing top-tier agency: Department of Health and Human Services-806
2025-03-10 05:20:21,009 - INFO - Top-tier spending: 20978768380857.68
2025-03-10 05:20:21,009 - INFO - Making request to endpoint: https://api.usaspending.gov/api/v2/search/spending_by_category/sub_agency/
2025-03-10 05:20:21,009 - INFO - Request body: {
  "filter": {
    "awarding_agency__id": 806
  },
  "fiscal_year": 2023
}
2025-03-10 05:20:21,226 - INFO - Response status code: 404
2025-03-10 05:20:21,227 - ERROR - Failed to fetch data for category 'sub_agency': 404
2025-03-10 05:20:21,227 - ERROR - Response text: 
<!doctype html>
<html lang="en">
<head>
  <title>Not Found</title>
</head>
<body>
  <h1>Not Found</h1><p>The requested resource was not found on this server.</p>
</body>
</html>

2025-03-10 05:20:21,227 - INFO - Processing top-tier agency: Social Security Administration-539
2025-03-10 05:20:21,227 - INFO - Top-tier spending: 17525884112455.31
2025-03-10 05:20:21,227 - INFO - Making request to endpoint: https://api.usaspending.gov/api/v2/search/spending_by_category/sub_agency/
2025-03-10 05:20:21,227 - INFO - Request body: {
  "filter": {
    "awarding_agency__id": 539
  },
  "fiscal_year": 2023
}
2025-03-10 05:20:21,722 - INFO - Response status code: 404
2025-03-10 05:20:21,722 - ERROR - Failed to fetch data for category 'sub_agency': 404
2025-03-10 05:20:21,723 - ERROR - Response text: 
<!doctype html>
<html lang="en">
<head>
  <title>Not Found</title>
</head>
<body>
  <h1>Not Found</h1><p>The requested resource was not found on this server.</p>
</body>
</html>

2025-03-10 05:20:21,723 - INFO - Processing top-tier agency: Department of Defense-1173
2025-03-10 05:20:21,723 - INFO - Top-tier spending: 6424388350105.25
2025-03-10 05:20:21,723 - INFO - Making request to endpoint: https://api.usaspending.gov/api/v2/search/spending_by_category/sub_agency/
2025-03-10 05:20:21,723 - INFO - Request body: {
  "filter": {
    "awarding_agency__id": 1173
  },
  "fiscal_year": 2023
}
2025-03-10 05:20:21,954 - INFO - Response status code: 404
2025-03-10 05:20:21,954 - ERROR - Failed to fetch data for category 'sub_agency': 404
2025-03-10 05:20:21,954 - ERROR - Response text: 
<!doctype html>
<html lang="en">
<head>
  <title>Not Found</title>
</head>
<body>
  <h1>Not Found</h1><p>The requested resource was not found on this server.</p>
</body>
</html>

2025-03-10 05:20:21,954 - INFO - Processing top-tier agency: Department of Homeland Security-766
2025-03-10 05:20:21,954 - INFO - Top-tier spending: 5231811567292.79
2025-03-10 05:20:21,954 - INFO - Making request to endpoint: https://api.usaspending.gov/api/v2/search/spending_by_category/sub_agency/
2025-03-10 05:20:21,954 - INFO - Request body: {
  "filter": {
    "awarding_agency__id": 766
  },
  "fiscal_year": 2023
}
2025-03-10 05:20:22,271 - INFO - Response status code: 404
2025-03-10 05:20:22,271 - ERROR - Failed to fetch data for category 'sub_agency': 404
2025-03-10 05:20:22,271 - ERROR - Response text: 
<!doctype html>
<html lang="en">
<head>
  <title>Not Found</title>
</head>
<body>
  <h1>Not Found</h1><p>The requested resource was not found on this server.</p>
</body>
</html>

2025-03-10 05:20:22,272 - INFO - Processing top-tier agency: Department of Veterans Affairs-561
2025-03-10 05:20:22,272 - INFO - Top-tier spending: 2838115382986.45
2025-03-10 05:20:22,272 - INFO - Making request to endpoint: https://api.usaspending.gov/api/v2/search/spending_by_category/sub_agency/
2025-03-10 05:20:22,272 - INFO - Request body: {
  "filter": {
    "awarding_agency__id": 561
  },
  "fiscal_year": 2023
}
2025-03-10 05:20:23,055 - INFO - Response status code: 404
2025-03-10 05:20:23,055 - ERROR - Failed to fetch data for category 'sub_agency': 404
2025-03-10 05:20:23,055 - ERROR - Response text: 
<!doctype html>
<html lang="en">
<head>
  <title>Not Found</title>
</head>
<body>
  <h1>Not Found</h1><p>The requested resource was not found on this server.</p>
</body>
</html>

2025-03-10 05:20:23,055 - INFO - Processing top-tier agency: Department of Agriculture-95
2025-03-10 05:20:23,055 - INFO - Top-tier spending: 2079993594401.38
2025-03-10 05:20:23,055 - INFO - Making request to endpoint: https://api.usaspending.gov/api/v2/search/spending_by_category/sub_agency/
2025-03-10 05:20:23,055 - INFO - Request body: {
  "filter": {
    "awarding_agency__id": 95
  },
  "fiscal_year": 2023
}
2025-03-10 05:20:23,292 - INFO - Response status code: 404
2025-03-10 05:20:23,292 - ERROR - Failed to fetch data for category 'sub_agency': 404
2025-03-10 05:20:23,292 - ERROR - Response text: 
<!doctype html>
<html lang="en">
<head>
  <title>Not Found</title>
</head>
<body>
  <h1>Not Found</h1><p>The requested resource was not found on this server.</p>
</body>
</html>

2025-03-10 05:20:23,292 - INFO - Processing top-tier agency: Department of Education-1068
2025-03-10 05:20:23,292 - INFO - Top-tier spending: 1706402810201.08
2025-03-10 05:20:23,292 - INFO - Making request to endpoint: https://api.usaspending.gov/api/v2/search/spending_by_category/sub_agency/
2025-03-10 05:20:23,292 - INFO - Request body: {
  "filter": {
    "awarding_agency__id": 1068
  },
  "fiscal_year": 2023
}
2025-03-10 05:20:23,518 - INFO - Response status code: 404
2025-03-10 05:20:23,518 - ERROR - Failed to fetch data for category 'sub_agency': 404
2025-03-10 05:20:23,518 - ERROR - Response text: 
<!doctype html>
<html lang="en">
<head>
  <title>Not Found</title>
</head>
<body>
  <h1>Not Found</h1><p>The requested resource was not found on this server.</p>
</body>
</html>

2025-03-10 05:20:23,519 - INFO - Processing top-tier agency: Department of Transportation-731
2025-03-10 05:20:23,519 - INFO - Top-tier spending: 1437325308424.58
2025-03-10 05:20:23,519 - INFO - Making request to endpoint: https://api.usaspending.gov/api/v2/search/spending_by_category/sub_agency/
2025-03-10 05:20:23,519 - INFO - Request body: {
  "filter": {
    "awarding_agency__id": 731
  },
  "fiscal_year": 2023
}
2025-03-10 05:20:24,794 - INFO - Response status code: 404
2025-03-10 05:20:24,794 - ERROR - Failed to fetch data for category 'sub_agency': 404
2025-03-10 05:20:24,794 - ERROR - Response text: 
<!doctype html>
<html lang="en">
<head>
  <title>Not Found</title>
</head>
<body>
  <h1>Not Found</h1><p>The requested resource was not found on this server.</p>
</body>
</html>

2025-03-10 05:20:24,795 - INFO - Processing top-tier agency: Small Business Administration-803
2025-03-10 05:20:24,795 - INFO - Top-tier spending: 949892231564.99
2025-03-10 05:20:24,795 - INFO - Making request to endpoint: https://api.usaspending.gov/api/v2/search/spending_by_category/sub_agency/
2025-03-10 05:20:24,795 - INFO - Request body: {
  "filter": {
    "awarding_agency__id": 803
  },
  "fiscal_year": 2023
}
2025-03-10 05:20:25,065 - INFO - Response status code: 404
2025-03-10 05:20:25,065 - ERROR - Failed to fetch data for category 'sub_agency': 404
2025-03-10 05:20:25,065 - ERROR - Response text: 
<!doctype html>
<html lang="en">
<head>
  <title>Not Found</title>
</head>
<body>
  <h1>Not Found</h1><p>The requested resource was not found on this server.</p>
</body>
</html>

2025-03-10 05:20:25,066 - INFO - Processing top-tier agency: Department of Housing and Urban Development-882
2025-03-10 05:20:25,066 - INFO - Top-tier spending: 822750765348.68
2025-03-10 05:20:25,066 - INFO - Making request to endpoint: https://api.usaspending.gov/api/v2/search/spending_by_category/sub_agency/
2025-03-10 05:20:25,066 - INFO - Request body: {
  "filter": {
    "awarding_agency__id": 882
  },
  "fiscal_year": 2023
}
2025-03-10 05:20:25,306 - INFO - Response status code: 404
2025-03-10 05:20:25,306 - ERROR - Failed to fetch data for category 'sub_agency': 404
2025-03-10 05:20:25,306 - ERROR - Response text: 
<!doctype html>
<html lang="en">
<head>
  <title>Not Found</title>
</head>
<body>
  <h1>Not Found</h1><p>The requested resource was not found on this server.</p>
</body>
</html>

2025-03-10 05:20:25,306 - INFO - Completed agency tree with 10 top-tier agencies
2025-03-10 05:20:25,307 - INFO - Successfully wrote agency tree to index.json
2025-03-10 05:20:25,307 - INFO - Script completed
2025-03-10 05:23:51,402 - INFO - Script started
2025-03-10 05:23:51,402 - INFO - Starting to build agency tree
2025-03-10 05:23:51,402 - INFO - Making request to endpoint: https://api.usaspending.gov/api/v2/search/spending_by_category/awarding_agency/
2025-03-10 05:23:51,402 - INFO - Request body: {
  "filter": {},
  "fiscal_year": 2023
}
2025-03-10 05:23:51,684 - INFO - Response status code: 200
2025-03-10 05:23:51,685 - INFO - Received 10 results for category 'awarding_agency'
2025-03-10 05:23:51,685 - INFO - Processing top-tier agency: Department of Health and Human Services-806
2025-03-10 05:23:51,685 - INFO - Top-tier spending: 20978768380857.68
2025-03-10 05:23:51,685 - INFO - Making request to endpoint: https://api.usaspending.gov/api/v2/search/spending_by_category/awarding_sub_agency/
2025-03-10 05:23:51,685 - INFO - Request body: {
  "filter": {
    "awarding_agency__id": 806
  },
  "fiscal_year": 2023
}
2025-03-10 05:23:52,257 - INFO - Response status code: 404
2025-03-10 05:23:52,258 - ERROR - Failed to fetch data for category 'awarding_sub_agency': 404
2025-03-10 05:23:52,258 - ERROR - Response text: 
<!doctype html>
<html lang="en">
<head>
  <title>Not Found</title>
</head>
<body>
  <h1>Not Found</h1><p>The requested resource was not found on this server.</p>
</body>
</html>

2025-03-10 05:23:52,258 - INFO - Processing top-tier agency: Social Security Administration-539
2025-03-10 05:23:52,258 - INFO - Top-tier spending: 17525884112455.31
2025-03-10 05:23:52,258 - INFO - Making request to endpoint: https://api.usaspending.gov/api/v2/search/spending_by_category/awarding_sub_agency/
2025-03-10 05:23:52,259 - INFO - Request body: {
  "filter": {
    "awarding_agency__id": 539
  },
  "fiscal_year": 2023
}
2025-03-10 05:23:52,501 - INFO - Response status code: 404
2025-03-10 05:23:52,501 - ERROR - Failed to fetch data for category 'awarding_sub_agency': 404
2025-03-10 05:23:52,501 - ERROR - Response text: 
<!doctype html>
<html lang="en">
<head>
  <title>Not Found</title>
</head>
<body>
  <h1>Not Found</h1><p>The requested resource was not found on this server.</p>
</body>
</html>

2025-03-10 05:23:52,501 - INFO - Processing top-tier agency: Department of Defense-1173
2025-03-10 05:23:52,502 - INFO - Top-tier spending: 6424388350105.25
2025-03-10 05:23:52,502 - INFO - Making request to endpoint: https://api.usaspending.gov/api/v2/search/spending_by_category/awarding_sub_agency/
2025-03-10 05:23:52,502 - INFO - Request body: {
  "filter": {
    "awarding_agency__id": 1173
  },
  "fiscal_year": 2023
}
2025-03-10 05:23:52,738 - INFO - Response status code: 404
2025-03-10 05:23:52,738 - ERROR - Failed to fetch data for category 'awarding_sub_agency': 404
2025-03-10 05:23:52,738 - ERROR - Response text: 
<!doctype html>
<html lang="en">
<head>
  <title>Not Found</title>
</head>
<body>
  <h1>Not Found</h1><p>The requested resource was not found on this server.</p>
</body>
</html>

2025-03-10 05:23:52,739 - INFO - Processing top-tier agency: Department of Homeland Security-766
2025-03-10 05:23:52,739 - INFO - Top-tier spending: 5231811567292.79
2025-03-10 05:23:52,739 - INFO - Making request to endpoint: https://api.usaspending.gov/api/v2/search/spending_by_category/awarding_sub_agency/
2025-03-10 05:23:52,739 - INFO - Request body: {
  "filter": {
    "awarding_agency__id": 766
  },
  "fiscal_year": 2023
}
2025-03-10 05:23:52,961 - INFO - Response status code: 404
2025-03-10 05:23:52,962 - ERROR - Failed to fetch data for category 'awarding_sub_agency': 404
2025-03-10 05:23:52,962 - ERROR - Response text: 
<!doctype html>
<html lang="en">
<head>
  <title>Not Found</title>
</head>
<body>
  <h1>Not Found</h1><p>The requested resource was not found on this server.</p>
</body>
</html>

2025-03-10 05:23:52,962 - INFO - Processing top-tier agency: Department of Veterans Affairs-561
2025-03-10 05:23:52,962 - INFO - Top-tier spending: 2838115382986.45
2025-03-10 05:23:52,962 - INFO - Making request to endpoint: https://api.usaspending.gov/api/v2/search/spending_by_category/awarding_sub_agency/
2025-03-10 05:23:52,962 - INFO - Request body: {
  "filter": {
    "awarding_agency__id": 561
  },
  "fiscal_year": 2023
}
2025-03-10 05:23:53,280 - INFO - Response status code: 404
2025-03-10 05:23:53,280 - ERROR - Failed to fetch data for category 'awarding_sub_agency': 404
2025-03-10 05:23:53,280 - ERROR - Response text: 
<!doctype html>
<html lang="en">
<head>
  <title>Not Found</title>
</head>
<body>
  <h1>Not Found</h1><p>The requested resource was not found on this server.</p>
</body>
</html>

2025-03-10 05:23:53,281 - INFO - Processing top-tier agency: Department of Agriculture-95
2025-03-10 05:23:53,281 - INFO - Top-tier spending: 2079993594401.38
2025-03-10 05:23:53,281 - INFO - Making request to endpoint: https://api.usaspending.gov/api/v2/search/spending_by_category/awarding_sub_agency/
2025-03-10 05:23:53,281 - INFO - Request body: {
  "filter": {
    "awarding_agency__id": 95
  },
  "fiscal_year": 2023
}
2025-03-10 05:23:53,587 - INFO - Response status code: 404
2025-03-10 05:23:53,587 - ERROR - Failed to fetch data for category 'awarding_sub_agency': 404
2025-03-10 05:23:53,587 - ERROR - Response text: 
<!doctype html>
<html lang="en">
<head>
  <title>Not Found</title>
</head>
<body>
  <h1>Not Found</h1><p>The requested resource was not found on this server.</p>
</body>
</html>

2025-03-10 05:23:53,587 - INFO - Processing top-tier agency: Department of Education-1068
2025-03-10 05:23:53,588 - INFO - Top-tier spending: 1706402810201.08
2025-03-10 05:23:53,588 - INFO - Making request to endpoint: https://api.usaspending.gov/api/v2/search/spending_by_category/awarding_sub_agency/
2025-03-10 05:23:53,588 - INFO - Request body: {
  "filter": {
    "awarding_agency__id": 1068
  },
  "fiscal_year": 2023
}
2025-03-10 05:23:53,899 - INFO - Response status code: 404
2025-03-10 05:23:53,899 - ERROR - Failed to fetch data for category 'awarding_sub_agency': 404
2025-03-10 05:23:53,899 - ERROR - Response text: 
<!doctype html>
<html lang="en">
<head>
  <title>Not Found</title>
</head>
<body>
  <h1>Not Found</h1><p>The requested resource was not found on this server.</p>
</body>
</html>

2025-03-10 05:23:53,899 - INFO - Processing top-tier agency: Department of Transportation-731
2025-03-10 05:23:53,899 - INFO - Top-tier spending: 1437325308424.58
2025-03-10 05:23:53,899 - INFO - Making request to endpoint: https://api.usaspending.gov/api/v2/search/spending_by_category/awarding_sub_agency/
2025-03-10 05:23:53,899 - INFO - Request body: {
  "filter": {
    "awarding_agency__id": 731
  },
  "fiscal_year": 2023
}
2025-03-10 05:23:54,199 - INFO - Response status code: 404
2025-03-10 05:23:54,200 - ERROR - Failed to fetch data for category 'awarding_sub_agency': 404
2025-03-10 05:23:54,200 - ERROR - Response text: 
<!doctype html>
<html lang="en">
<head>
  <title>Not Found</title>
</head>
<body>
  <h1>Not Found</h1><p>The requested resource was not found on this server.</p>
</body>
</html>

2025-03-10 05:23:54,200 - INFO - Processing top-tier agency: Small Business Administration-803
2025-03-10 05:23:54,200 - INFO - Top-tier spending: 949892231564.99
2025-03-10 05:23:54,200 - INFO - Making request to endpoint: https://api.usaspending.gov/api/v2/search/spending_by_category/awarding_sub_agency/
2025-03-10 05:23:54,200 - INFO - Request body: {
  "filter": {
    "awarding_agency__id": 803
  },
  "fiscal_year": 2023
}
2025-03-10 05:23:54,565 - INFO - Response status code: 404
2025-03-10 05:23:54,565 - ERROR - Failed to fetch data for category 'awarding_sub_agency': 404
2025-03-10 05:23:54,565 - ERROR - Response text: 
<!doctype html>
<html lang="en">
<head>
  <title>Not Found</title>
</head>
<body>
  <h1>Not Found</h1><p>The requested resource was not found on this server.</p>
</body>
</html>

2025-03-10 05:23:54,566 - INFO - Processing top-tier agency: Department of Housing and Urban Development-882
2025-03-10 05:23:54,566 - INFO - Top-tier spending: 822750765348.68
2025-03-10 05:23:54,566 - INFO - Making request to endpoint: https://api.usaspending.gov/api/v2/search/spending_by_category/awarding_sub_agency/
2025-03-10 05:23:54,566 - INFO - Request body: {
  "filter": {
    "awarding_agency__id": 882
  },
  "fiscal_year": 2023
}
2025-03-10 05:23:54,815 - INFO - Response status code: 404
2025-03-10 05:23:54,816 - ERROR - Failed to fetch data for category 'awarding_sub_agency': 404
2025-03-10 05:23:54,816 - ERROR - Response text: 
<!doctype html>
<html lang="en">
<head>
  <title>Not Found</title>
</head>
<body>
  <h1>Not Found</h1><p>The requested resource was not found on this server.</p>
</body>
</html>

2025-03-10 05:23:54,816 - INFO - Completed agency tree with 10 top-tier agencies
2025-03-10 05:23:54,817 - INFO - Successfully wrote agency tree to index.json
2025-03-10 05:23:54,817 - INFO - Script completed
2025-03-10 05:28:22,378 - INFO - Script started
2025-03-10 05:28:22,379 - INFO - Starting to build agency tree
2025-03-10 05:28:22,379 - INFO - Making request to endpoint: https://api.usaspending.gov/api/v2/search/spending_by_category/awarding_agency/
2025-03-10 05:28:22,379 - INFO - Request body: {
  "filter": {},
  "fiscal_year": 2023
}
2025-03-10 05:28:22,714 - INFO - Response status code: 200
2025-03-10 05:28:22,715 - INFO - Received 10 results for category 'awarding_agency'
2025-03-10 05:28:22,715 - INFO - Fetching details for agency ID 806
2025-03-10 05:28:23,134 - INFO - Fetching details for agency ID 539
2025-03-10 05:28:23,444 - INFO - Fetching details for agency ID 1173
2025-03-10 05:28:23,821 - INFO - Fetching details for agency ID 766
2025-03-10 05:28:24,536 - INFO - Fetching details for agency ID 561
2025-03-10 05:28:24,825 - INFO - Fetching details for agency ID 95
2025-03-10 05:28:25,104 - INFO - Fetching details for agency ID 1068
2025-03-10 05:28:25,561 - INFO - Fetching details for agency ID 731
2025-03-10 05:28:25,858 - INFO - Fetching details for agency ID 803
2025-03-10 05:28:26,329 - INFO - Fetching details for agency ID 882
2025-03-10 05:28:26,606 - INFO - Completed agency tree with 0 top-tier agencies
2025-03-10 05:28:26,606 - ERROR - Agency tree is empty; nothing written to index.json
2025-03-10 05:28:26,606 - INFO - Script completed
2025-03-10 07:20:03,195 - INFO - Script started
2025-03-10 07:20:03,195 - INFO - Starting to build agency tree
2025-03-10 07:20:03,195 - INFO - Making request to endpoint: https://api.usaspending.gov/api/v2/search/spending_by_category/awarding_agency/
2025-03-10 07:20:03,195 - INFO - Request body: {
  "filter": {},
  "fiscal_year": 2023
}
2025-03-10 07:20:03,464 - INFO - Response status code: 200
2025-03-10 07:20:03,464 - INFO - Received 10 results for category 'awarding_agency'
2025-03-10 07:20:03,465 - INFO - Fetching details for agency ID 806
2025-03-10 07:20:03,698 - INFO - Fetching details for agency ID 539
2025-03-10 07:20:03,919 - INFO - Fetching details for agency ID 1173
2025-03-10 07:20:04,192 - INFO - Fetching details for agency ID 766
2025-03-10 07:20:04,412 - INFO - Fetching details for agency ID 561
2025-03-10 07:20:04,629 - INFO - Fetching details for agency ID 95
2025-03-10 07:20:04,879 - INFO - Fetching details for agency ID 1068
2025-03-10 07:20:05,127 - INFO - Fetching details for agency ID 731
2025-03-10 07:20:08,778 - INFO - Fetching details for agency ID 803
2025-03-10 07:20:09,003 - INFO - Fetching details for agency ID 882
2025-03-10 07:20:09,231 - INFO - Completed agency tree with 0 top-tier agencies
2025-03-10 07:20:09,232 - ERROR - Agency tree is empty; nothing written to index.json
2025-03-10 07:20:09,232 - INFO - Script completed
